e: 2.718282
negpi: -3.141593
inf: inf
negInf: -inf
floatNan: nan
floatMax: 3.4028234663852886e+38
floatMin: -3.4028234663852886e+38
posValue: 10.000000
negValue: -10.000000
posZero: 0.000000
negZero: -0.000000
e: 2.718282
negpi: -3.141593
inf: inf
negInf: -inf
doubleNan: nan
doubleMax: 1.7976931348623157e+308
doubleMin: -1.7976931348623157e+308
posValue: 10.000000
negValue: -10.000000
posZero: 0.000000
negZero: -0.000000
