basic test
finalizing 1 (global == 0)
finalizing2 2 (global == 0)
finalizing2 3 (global == 0)
*
finalizing 0 (global == 1)
heap size = 72
heap size = 84
finalizing 6 (global == 0)
object scan test test
finalizing 4 (global == 0)
*
finalizing 0 (global == 1)
*
finalizing 1 (global == 0)
finalizing 2 (global == 0)
finalizing 3 (global == 0)
.
