0: 5497
1: 2916432318
2: 2502517762
3: 3151524867
4: 2323729668
5: 2053478917
6: 2409490438
7: 848473607
8: 691103752
9: 3915535113
