<Math arg out of domain of func>
<No more processes>
<34>
<123>
